[radixtouch.in/hospital/index.html]
[backblue.gif]
[fade.gif]
[index.html]
[radixtouch.in/hospital/js/simple-line-icons/simple-line-icons.min.css]
[radixtouch.in/hospital/css/font-awesome.min.css]
[radixtouch.in/hospital/js/bootstrap/css/bootstrap.min.css]
[radixtouch.in/hospital/js/bootstrap-switch/css/bootstrap-switch.min.css]
[radixtouch.in/hospital/css/theme_style.css]
[radixtouch.in/hospital/css/plugins.min.css]
[radixtouch.in/hospital/css/style.css]
[radixtouch.in/hospital/css/responsive.css]
[radixtouch.in/hospital/img/favicon.ico]
[radixtouch.in/hospital/index-2.html]
[radixtouch.in/hospital/img/logo.png]
[radixtouch.in/hospital/img/flags/gb.png]
[radixtouch.in/hospital/img/flags/de.png]
[radixtouch.in/hospital/img/flags/ua.png]
[radixtouch.in/hospital/img/flags/es.png]
[radixtouch.in/hospital/img/flags/ru.png]
[radixtouch.in/hospital/img/doc/doc2.svg]
[radixtouch.in/hospital/img/doc/doc3.svg]
[radixtouch.in/hospital/img/doc/doc1.svg]
[radixtouch.in/hospital/img/doc/doc8.svg]
[radixtouch.in/hospital/img/doc/doc5.svg]
[radixtouch.in/hospital/img/dp.svg]
[radixtouch.in/hospital/user_profile.html]
[radixtouch.in/hospital/lock_screen.html]
[radixtouch.in/hospital/login.html]
[radixtouch.in/hospital/email_inbox.html]
[radixtouch.in/hospital/email_view.html]
[radixtouch.in/hospital/email_compose.html]
[radixtouch.in/hospital/schedule.html]
[radixtouch.in/hospital/book_appointment.html]
[radixtouch.in/hospital/view_appointment.html]
[radixtouch.in/hospital/all_doctors.html]
[radixtouch.in/hospital/add_doctor.html]
[radixtouch.in/hospital/edit_doctor.html]
[radixtouch.in/hospital/doctor_profile.html]
[radixtouch.in/hospital/all_staffs.html]
[radixtouch.in/hospital/add_staff.html]
[radixtouch.in/hospital/edit_staff.html]
[radixtouch.in/hospital/staff_profile.html]
[radixtouch.in/hospital/all_patients.html]
[radixtouch.in/hospital/add_patient.html]
[radixtouch.in/hospital/edit_patient.html]
[radixtouch.in/hospital/patient_profile.html]
[radixtouch.in/hospital/room_allotment.html]
[radixtouch.in/hospital/add_room_allotment.html]
[radixtouch.in/hospital/payments.html]
[radixtouch.in/hospital/add_payment.html]
[radixtouch.in/hospital/invoice_payment.html]
[radixtouch.in/hospital/widget.html]
[radixtouch.in/hospital/ui_buttons.html]
[radixtouch.in/hospital/ui_tabs_accordions_navs.html]
[radixtouch.in/hospital/ui_typography.html]
[radixtouch.in/hospital/ui_icons.html]
[radixtouch.in/hospital/ui_panels.html]
[radixtouch.in/hospital/ui_grid.html]
[radixtouch.in/hospital/calendar.html]
[radixtouch.in/hospital/ui_tree.html]
[radixtouch.in/hospital/ui_carousel.html]
[radixtouch.in/hospital/layouts_form.html]
[radixtouch.in/hospital/advance_form.html]
[radixtouch.in/hospital/wizard_form.html]
[radixtouch.in/hospital/validation_form.html]
[radixtouch.in/hospital/editable_form.html]
[radixtouch.in/hospital/basic_table.html]
[radixtouch.in/hospital/advanced_table.html]
[radixtouch.in/hospital/layout_boxed.html]
[radixtouch.in/hospital/layout_full_width.html]
[radixtouch.in/hospital/layout_right_sidebar.html]
[radixtouch.in/hospital/layout_sidebar_hover_menu.html]
[radixtouch.in/hospital/layout_mega_menu.html]
[radixtouch.in/hospital/charts_echarts.html]
[radixtouch.in/hospital/charts_morris.html]
[radixtouch.in/hospital/charts_chartjs.html]
[radixtouch.in/hospital/google_maps.html]
[radixtouch.in/hospital/vector_maps.html]
[radixtouch.in/hospital/contact.html]
[radixtouch.in/hospital/page-404.html]
[radixtouch.in/hospital/page-500.html]
[radixtouch.in/hospital/blank_page.html]
[radixtouch.in/hospital/img/doc/doc4.svg]
[radixtouch.in/hospital/img/doc/doc6.svg]
[radixtouch.in/hospital/img/doc/doc7.svg]
[radixtouch.in/hospital/img/doc/doc9.svg]
[radixtouch.in/hospital/img/doc/doc10.svg]
[radixtouch.in/hospital/js/jquery.min.js]
[radixtouch.in/hospital/js/bootstrap/js/bootstrap.min.js]
[radixtouch.in/hospital/js/jquery.blockui.min.js]
[radixtouch.in/hospital/js/bootstrap-switch/js/bootstrap-switch.min.js]
[radixtouch.in/hospital/js/counterup/jquery.waypoints.min.js]
[radixtouch.in/hospital/js/counterup/jquery.counterup.min.js]
[radixtouch.in/hospital/js/jquery.slimscroll.js]
[radixtouch.in/hospital/js/app.js]
[radixtouch.in/hospital/js/layout.js]
[radixtouch.in/hospital/js/chart-js/utils.js]
[radixtouch.in/hospital/index.html]
[radixtouch.in/hospital/js/chart-js/home-data.js]
[fonts.googleapis.com/cssbc32.css]
[radixtouch.in/hospital/index-2.html]
[radixtouch.in/hospital/img/user/user1.svg]
[radixtouch.in/hospital/img/mega-img1.jpg]
[radixtouch.in/hospital/img/mega-img2.jpg]
[radixtouch.in/hospital/js/chart-js/Chart.bundle.js]
[radixtouch.in/hospital/img/mega-img3.jpg]
[radixtouch.in/hospital/img/user/user2.svg]
[radixtouch.in/hospital/img/user/user3.svg]
[radixtouch.in/hospital/img/user/user4.svg]
[radixtouch.in/hospital/img/user/user5.svg]
[radixtouch.in/hospital/js/jquery.sparkline.min.js]
[radixtouch.in/hospital/user_profile.html]
[radixtouch.in/hospital/js/profile.js]
[radixtouch.in/hospital/css/login.css]
[radixtouch.in/hospital/lock_screen.html]
[radixtouch.in/hospital/js/pages.js]
[radixtouch.in/hospital/login.html]
[radixtouch.in/hospital/js/login.js]
[radixtouch.in/hospital/css/inbox.min.css]
[radixtouch.in/hospital/img/user/user8.svg]
[radixtouch.in/hospital/img/user/user6.svg]
[radixtouch.in/hospital/img/user/user7.svg]
[radixtouch.in/hospital/img/user/user10.svg]
[radixtouch.in/hospital/email_inbox.html]
[radixtouch.in/hospital/email_view.html]
[radixtouch.in/hospital/img/user/user9.svg]
[radixtouch.in/hospital/js/bootstrap-wysihtml5/bootstrap-wysihtml5.css]
[radixtouch.in/hospital/js/jquery-file-upload/blueimp-gallery/blueimp-gallery.min.css]
[radixtouch.in/hospital/js/jquery-file-upload/css/jquery.fileupload.css]
[radixtouch.in/hospital/js/jquery-file-upload/css/jquery.fileupload-ui.css]
[radixtouch.in/hospital/email_compose.html]
[radixtouch.in/hospital/js/fullcalendar/fullcalendar.css]
[radixtouch.in/hospital/js/bootstrap-wysihtml5/bootstrap-wysihtml5.js]
[radixtouch.in/hospital/js/moment.min.js]
[radixtouch.in/hospital/js/calendar.min.js]
[radixtouch.in/hospital/schedule.html]
[radixtouch.in/hospital/js/bootstrap-datepicker/css/bootstrap-datepicker3.min.css]
[radixtouch.in/hospital/js/bootstrap-wysihtml5/wysihtml5-0.3.0.js]
[radixtouch.in/hospital/js/bootstrap-timepicker/css/bootstrap-timepicker.min.css]
[radixtouch.in/hospital/css/formlayout.css]
[radixtouch.in/hospital/js/fullcalendar/fullcalendar.min.js]
[radixtouch.in/hospital/js/jquery-validation/js/jquery.validate.min.js]
[radixtouch.in/hospital/js/jquery-validation/js/additional-methods.min.js]
[radixtouch.in/hospital/js/bootstrap-datetimepicker/js/bootstrap-datetimepicker-init.js]
[radixtouch.in/hospital/js/bootstrap-datetimepicker/js/bootstrap-datetimepicker.js]
[radixtouch.in/hospital/js/jquery-ui/jquery-ui.min.js]
[radixtouch.in/hospital/js/bootstrap-timepicker/js/bootstrap-timepicker.min.js]
[radixtouch.in/hospital/js/bootstrap-timepicker/js/bootstrap-timepicker-init.js]
[radixtouch.in/hospital/book_appointment.html]
[radixtouch.in/hospital/js/form-validation.js]
[radixtouch.in/hospital/js/datatables/jquery.dataTables.min.css]
[radixtouch.in/hospital/js/datatables/plugins/bootstrap/datatables.bootstrap.js]
[radixtouch.in/hospital/view_appointment.html]
[radixtouch.in/hospital/all_doctors.html]
[radixtouch.in/hospital/js/table_data.js]
[radixtouch.in/hospital/js/dropzone/dropzone.css]
[radixtouch.in/hospital/js/bootstrap-wizard/jquery.bootstrap.wizard.min.js]
[radixtouch.in/hospital/js/dropzone/dropzone-call.js]
[radixtouch.in/hospital/add_doctor.html]
[radixtouch.in/hospital/edit_doctor.html]
[radixtouch.in/hospital/doctor_profile.html]
[radixtouch.in/hospital/all_staffs.html]
[radixtouch.in/hospital/add_staff.html]
[radixtouch.in/hospital/edit_staff.html]
[radixtouch.in/hospital/staff_profile.html]
[radixtouch.in/hospital/all_patients.html]
[radixtouch.in/hospital/add_patient.html]
[radixtouch.in/hospital/edit_patient.html]
[radixtouch.in/hospital/js/form-wizard.js]
[radixtouch.in/hospital/img/patient1.jpg]
[radixtouch.in/hospital/js/dropzone/dropzone.js]
[radixtouch.in/hospital/js/float/ecg-data.js]
[radixtouch.in/hospital/js/float/jquery.flot.resize.min.js]
[radixtouch.in/hospital/js/float/jquery.flot.js]
[radixtouch.in/hospital/js/sparkline/sparkline-data.js]
[radixtouch.in/hospital/patient_profile.html]
[radixtouch.in/hospital/room_allotment.html]
[radixtouch.in/hospital/add_room_allotment.html]
[radixtouch.in/hospital/payments.html]
[radixtouch.in/hospital/add_payment.html]
[radixtouch.in/hospital/js/sparkline/jquery.sparkline.js]
[radixtouch.in/hospital/invoice_payment.html]
[radixtouch.in/hospital/img/invoice_logo.png]
[radixtouch.in/hospital/js/morris/morris.css]
[radixtouch.in/hospital/img/slider/slider1.jpg]
[radixtouch.in/hospital/img/slider/slider2.jpg]
[radixtouch.in/hospital/img/slider/slider3.jpg]
[radixtouch.in/hospital/img/blog/blog1.jpg]
[radixtouch.in/hospital/img/blog/blog2.jpg]
[radixtouch.in/hospital/img/blog/blog3.jpg]
[radixtouch.in/hospital/img/blog/blog4.jpg]
[radixtouch.in/hospital/widget.html]
[radixtouch.in/hospital/ui_buttons.html]
[radixtouch.in/hospital/js/bootstrap-tabdrop/js/bootstrap-tabdrop.js]
[radixtouch.in/hospital/ui_tabs_accordions_navs.html]
[radixtouch.in/hospital/css/typography.css]
[radixtouch.in/hospital/ui_typography.html]
[radixtouch.in/hospital/ui_icons.html]
[radixtouch.in/hospital/ui_panels.html]
[radixtouch.in/hospital/ui_grid.html]
[radixtouch.in/hospital/calendar.html]
[radixtouch.in/hospital/js/bootstrap-treeview.js]
[radixtouch.in/hospital/ui_tree.html]
[radixtouch.in/hospital/js/owl-carousel/owl.carousel.css]
[radixtouch.in/hospital/js/owl-carousel/owl.theme.css]
[radixtouch.in/hospital/img/slider/fullimage1.jpg]
[radixtouch.in/hospital/img/slider/fullimage2.jpg]
[radixtouch.in/hospital/js/datatables/datatables.min.js]
[radixtouch.in/hospital/img/slider/fullimage3.jpg]
[radixtouch.in/hospital/img/slider/owl1.jpg]
[radixtouch.in/hospital/img/slider/owl2.jpg]
[radixtouch.in/hospital/img/slider/owl3.jpg]
[radixtouch.in/hospital/img/slider/owl4.jpg]
[radixtouch.in/hospital/img/slider/owl5.jpg]
[radixtouch.in/hospital/img/slider/owl6.jpg]
[radixtouch.in/hospital/img/slider/owl7.jpg]
[radixtouch.in/hospital/img/slider/owl8.jpg]
[radixtouch.in/hospital/js/owl-carousel/owl.carousel.js]
[radixtouch.in/hospital/ui_carousel.html]
[radixtouch.in/hospital/layouts_form.html]
[radixtouch.in/hospital/js/owl-carousel/owl_data.js]
[radixtouch.in/hospital/js/bootstrap-datetimepicker/css/bootstrap-datetimepicker.min.css]
[radixtouch.in/hospital/js/bootstrap-colorpicker/css/bootstrap-colorpicker.css]
[radixtouch.in/hospital/js/jquery-tags-input/jquery-tags-input.css]
[radixtouch.in/hospital/js/select2/css/select2.css]
[radixtouch.in/hospital/js/select2/css/select2-bootstrap.min.css]
[radixtouch.in/hospital/js/bootstrap-inputmask/bootstrap-inputmask.min.js]
[radixtouch.in/hospital/js/bootstrap-colorpicker/js/bootstrap-colorpicker-init.js]
[radixtouch.in/hospital/js/bootstrap-colorpicker/js/bootstrap-colorpicker.js]
[radixtouch.in/hospital/js/jquery-tags-input/jquery-tags-input-init.js]
[radixtouch.in/hospital/js/jquery-tags-input/jquery-tags-input.js]
[radixtouch.in/hospital/advance_form.html]
[radixtouch.in/hospital/wizard_form.html]
[radixtouch.in/hospital/js/select2/js/select2-init.js]
[radixtouch.in/hospital/validation_form.html]
[radixtouch.in/hospital/js/bootstrap-datepicker/js/bootstrap-datepicker.min.js]
[radixtouch.in/hospital/js/bootstrap-editable/bootstrap-editable/css/bootstrap-editable.css]
[radixtouch.in/hospital/js/summernote/summernote.css]
[radixtouch.in/hospital/js/select2/js/select2.js]
[radixtouch.in/hospital/editable_form.html]
[radixtouch.in/hospital/basic_table.html]
[radixtouch.in/hospital/advanced_table.html]
[radixtouch.in/hospital/layout_boxed.html]
[radixtouch.in/hospital/layout_full_width.html]
[radixtouch.in/hospital/layout_right_sidebar.html]
[radixtouch.in/hospital/layout_sidebar_hover_menu.html]
[radixtouch.in/hospital/layout_mega_menu.html]
[radixtouch.in/hospital/charts_echarts.html]
[radixtouch.in/hospital/js/echarts/echart-data.js]
[radixtouch.in/hospital/js/morris/morris.min.js]
[radixtouch.in/hospital/js/morris/morris_chart_data.js]
[radixtouch.in/hospital/charts_morris.html]
[radixtouch.in/hospital/js/morris/raphael-min.js]
[radixtouch.in/hospital/charts_chartjs.html]
[radixtouch.in/hospital/js/chart-js/chartjs-data.js]
[radixtouch.in/hospital/google_maps.html]
[radixtouch.in/hospital/js/google-maps-data.js]
[radixtouch.in/hospital/js/gmaps/gmaps.min.js]
[radixtouch.in/hospital/js/jqvmap/jqvmap.css]
[radixtouch.in/hospital/js/jqvmap/jquery.vmap.js]
[radixtouch.in/hospital/js/summernote/summernote.js]
[radixtouch.in/hospital/js/jqvmap/maps/jquery.vmap.world.js]
[radixtouch.in/hospital/js/jqvmap/maps/jquery.vmap.russia.js]
[radixtouch.in/hospital/js/jqvmap/maps/jquery.vmap.europe.js]
[radixtouch.in/hospital/js/jqvmap/data/jquery.vmap.sampledata.js]
[radixtouch.in/hospital/js/jqvmap/vector-data.js]
[radixtouch.in/hospital/js/jqvmap/maps/jquery.vmap.germany.js]
[radixtouch.in/hospital/vector_maps.html]
[radixtouch.in/hospital/contact.html]
[radixtouch.in/hospital/page-404.html]
[radixtouch.in/hospital/page-500.html]
[radixtouch.in/hospital/blank_page.html]
[radixtouch.in/hospital/img/logo.png]
[radixtouch.in/hospital/js/jqvmap/maps/jquery.vmap.usa.js]
[radixtouch.in/hospital/img/favicon.ico]
[radixtouch.in/hospital/js/echarts/echarts.js]
[radixtouch.in/hospital/img/flags/gb.png]
[radixtouch.in/hospital/img/flags/de.png]
[radixtouch.in/hospital/js/simple-line-icons/fonts/Simple-Line-Iconsb26c.eot]
[radixtouch.in/hospital/img/flags/es.png]
[radixtouch.in/hospital/img/flags/ua.png]
[radixtouch.in/hospital/img/flags/ru.png]
[radixtouch.in/hospital/js/simple-line-icons/fonts/Simple-Line-Iconsb26c.ttf]
[radixtouch.in/hospital/js/jquery.blockui.min.js]
[radixtouch.in/hospital/js/bootstrap/js/bootstrap.min.js]
[radixtouch.in/hospital/js/simple-line-icons/fonts/Simple-Line-Iconsb26c.woff]
[radixtouch.in/hospital/js/simple-line-icons/simple-line-icons.min.css]
[radixtouch.in/hospital/js/bootstrap-switch/js/bootstrap-switch.min.js]
[radixtouch.in/hospital/js/simple-line-icons/fonts/Simple-Line-Iconsb26c.svg]
[radixtouch.in/hospital/js/counterup/jquery.waypoints.min.js]
[radixtouch.in/hospital/js/jquery.min.js]
[radixtouch.in/hospital/js/counterup/jquery.counterup.min.js]
[radixtouch.in/hospital/js/jquery.slimscroll.js]
[radixtouch.in/hospital/fonts/fontawesome-webfont3e6e.woff]
[radixtouch.in/hospital/fonts/fontawesome-webfont3e6e.eot]
[radixtouch.in/hospital/fonts/fontawesome-webfontd41d.eot]
[radixtouch.in/hospital/js/app.js]
[radixtouch.in/hospital/css/font-awesome.min.css]
[radixtouch.in/hospital/fonts/fontawesome-webfont3e6e.svg]
[radixtouch.in/hospital/js/layout.js]
[radixtouch.in/hospital/js/chart-js/utils.js]
[radixtouch.in/hospital/js/bootstrap/fonts/glyphicons-halflings-regular.woff]
[radixtouch.in/hospital/js/bootstrap/fonts/glyphicons-halflings-regular.eot]
[radixtouch.in/hospital/fonts/fontawesome-webfont3e6e.ttf]
[radixtouch.in/hospital/js/chart-js/home-data.js]
[radixtouch.in/hospital/img/mega-img1.jpg]
[radixtouch.in/hospital/js/bootstrap/css/bootstrap.min.css]
[radixtouch.in/hospital/js/bootstrap/fonts/glyphicons-halflings-regular.svg]
[radixtouch.in/hospital/js/bootstrap-switch/css/bootstrap-switch.min.css]
[radixtouch.in/hospital/js/bootstrap/fonts/glyphicons-halflings-regular.ttf]
[radixtouch.in/hospital/img/mega-img3.jpg]
[radixtouch.in/hospital/img/mega-img2.jpg]
[radixtouch.in/hospital/img/accordion-plusminus.png]
[radixtouch.in/hospital/css/theme_style.css]
[radixtouch.in/hospital/js/chart-js/Chart.bundle.js]
[radixtouch.in/hospital/js/pages.js]
[radixtouch.in/hospital/js/profile.js]
[radixtouch.in/hospital/js/jquery.sparkline.min.js]
[radixtouch.in/hospital/js/login.js]
[radixtouch.in/hospital/js/datatables/images/sort_both.png]
[radixtouch.in/hospital/js/datatables/images/sort_asc.png]
[radixtouch.in/hospital/js/datatables/images/sort_desc.png]
[radixtouch.in/hospital/js/bootstrap-wysihtml5/bootstrap-wysihtml5.js]
[radixtouch.in/hospital/js/datatables/images/sort_asc_disabled.png]
[radixtouch.in/hospital/js/datatables/images/sort_desc_disabled.png]
[radixtouch.in/hospital/css/plugins.min.css]
[radixtouch.in/hospital/js/moment.min.js]
[radixtouch.in/hospital/js/calendar.min.js]
[radixtouch.in/hospital/js/jquery-validation/js/jquery.validate.min.js]
[radixtouch.in/hospital/js/bootstrap-wysihtml5/wysihtml5-0.3.0.js]
[radixtouch.in/hospital/img/remove-icon-small.png]
[radixtouch.in/hospital/css/style.css]
[radixtouch.in/hospital/js/fullcalendar/fullcalendar.min.js]
[radixtouch.in/hospital/css/responsive.css]
[radixtouch.in/hospital/js/jquery-ui/jquery-ui.min.js]
[radixtouch.in/hospital/js/jquery-validation/js/additional-methods.min.js]
[radixtouch.in/hospital/index-2.html]
[radixtouch.in/hospital/js/bootstrap-datetimepicker/js/bootstrap-datetimepicker.js]
[radixtouch.in/hospital/img/doc/doc2.svg]
[radixtouch.in/hospital/js/bootstrap-datetimepicker/js/bootstrap-datetimepicker-init.js]
[radixtouch.in/hospital/img/doc/doc3.svg]
[radixtouch.in/hospital/js/bootstrap-timepicker/js/bootstrap-timepicker.min.js]
[radixtouch.in/hospital/js/bootstrap-timepicker/js/bootstrap-timepicker-init.js]
[radixtouch.in/hospital/img/doc/doc1.svg]
[radixtouch.in/hospital/img/doc/doc8.svg]
[radixtouch.in/hospital/js/form-validation.js]
[radixtouch.in/hospital/img/doc/doc5.svg]
[radixtouch.in/hospital/js/datatables/plugins/bootstrap/datatables.bootstrap.js]
[radixtouch.in/hospital/img/dp.svg]
[radixtouch.in/hospital/js/table_data.js]
[radixtouch.in/hospital/img/doc/doc4.svg]
[radixtouch.in/hospital/js/bootstrap-wizard/jquery.bootstrap.wizard.min.js]
[radixtouch.in/hospital/img/doc/doc6.svg]
[radixtouch.in/hospital/js/dropzone/dropzone-call.js]
[radixtouch.in/hospital/img/doc/doc7.svg]
[radixtouch.in/hospital/js/form-wizard.js]
[radixtouch.in/hospital/img/doc/doc9.svg]
[radixtouch.in/hospital/img/patient1.jpg]
[radixtouch.in/hospital/js/dropzone/dropzone.js]
[radixtouch.in/hospital/img/doc/doc10.svg]
[radixtouch.in/hospital/img/user/user1.svg]
[radixtouch.in/hospital/js/float/ecg-data.js]
[radixtouch.in/hospital/img/user/user2.svg]
[radixtouch.in/hospital/js/float/jquery.flot.resize.min.js]
[radixtouch.in/hospital/img/user/user3.svg]
[radixtouch.in/hospital/js/sparkline/sparkline-data.js]
[radixtouch.in/hospital/img/user/user4.svg]
[radixtouch.in/hospital/js/float/jquery.flot.js]
[radixtouch.in/hospital/img/user/user5.svg]
[radixtouch.in/hospital/img/invoice_logo.png]
[radixtouch.in/hospital/css/login.css]
[radixtouch.in/hospital/img/slider/slider1.jpg]
[radixtouch.in/hospital/css/inbox.min.css]
[radixtouch.in/hospital/js/sparkline/jquery.sparkline.js]
[radixtouch.in/hospital/img/user/user8.svg]
[radixtouch.in/hospital/img/slider/slider2.jpg]
[radixtouch.in/hospital/img/user/user6.svg]
[radixtouch.in/hospital/img/slider/slider3.jpg]
[radixtouch.in/hospital/img/blog/blog1.jpg]
[radixtouch.in/hospital/img/user/user7.svg]
[radixtouch.in/hospital/img/blog/blog2.jpg]
[radixtouch.in/hospital/img/user/user10.svg]
[radixtouch.in/hospital/img/blog/blog3.jpg]
[radixtouch.in/hospital/img/blog/blog4.jpg]
[radixtouch.in/hospital/img/user/user9.svg]
[radixtouch.in/hospital/js/bootstrap-tabdrop/js/bootstrap-tabdrop.js]
[radixtouch.in/hospital/img/slider/fullimage1.jpg]
[radixtouch.in/hospital/js/bootstrap-wysihtml5/bootstrap-wysihtml5.css]
[radixtouch.in/hospital/js/bootstrap-treeview.js]
[radixtouch.in/hospital/img/slider/fullimage2.jpg]
[radixtouch.in/hospital/img/slider/fullimage3.jpg]
[radixtouch.in/hospital/js/jquery-file-upload/img/loading.gif]
[radixtouch.in/hospital/img/slider/owl2.jpg]
[radixtouch.in/hospital/img/slider/owl1.jpg]
[radixtouch.in/hospital/img/slider/owl5.jpg]
[radixtouch.in/hospital/img/slider/owl3.jpg]
[radixtouch.in/hospital/img/slider/owl4.jpg]
[radixtouch.in/hospital/img/slider/owl6.jpg]
[radixtouch.in/hospital/img/slider/owl7.jpg]
[radixtouch.in/hospital/img/slider/owl8.jpg]
[radixtouch.in/hospital/js/owl-carousel/owl.carousel.js]
[radixtouch.in/hospital/js/owl-carousel/owl_data.js]
[radixtouch.in/hospital/js/bootstrap-inputmask/bootstrap-inputmask.min.js]
[radixtouch.in/hospital/js/bootstrap-colorpicker/js/bootstrap-colorpicker-init.js]
[radixtouch.in/hospital/js/bootstrap-colorpicker/js/bootstrap-colorpicker.js]
[radixtouch.in/hospital/js/jquery-tags-input/jquery-tags-input.js]
[radixtouch.in/hospital/js/jquery-tags-input/jquery-tags-input-init.js]
[radixtouch.in/hospital/js/jquery-file-upload/blueimp-gallery/blueimp-gallery.min.css]
[radixtouch.in/hospital/js/select2/js/select2-init.js]
[radixtouch.in/hospital/js/bootstrap-datepicker/js/bootstrap-datepicker.min.js]
[radixtouch.in/hospital/js/jquery-file-upload/css/jquery.fileupload.css]
[radixtouch.in/hospital/js/select2/js/select2.js]
[radixtouch.in/hospital/js/jquery-file-upload/img/progressbar.gif]
[radixtouch.in/hospital/js/jquery-file-upload/css/jquery.fileupload-ui.css]
[radixtouch.in/hospital/js/echarts/echart-data.js]
[radixtouch.in/hospital/js/fullcalendar/fullcalendar.css]
[radixtouch.in/hospital/js/summernote/summernote.js]
[radixtouch.in/hospital/js/bootstrap-datepicker/css/bootstrap-datepicker3.min.css]
[radixtouch.in/hospital/js/morris/morris.min.js]
[radixtouch.in/hospital/js/bootstrap-timepicker/css/bootstrap-timepicker.min.css]
[radixtouch.in/hospital/js/morris/morris_chart_data.js]
[radixtouch.in/hospital/css/formlayout.css]
[radixtouch.in/hospital/js/chart-js/chartjs-data.js]
[radixtouch.in/hospital/js/morris/raphael-min.js]
[radixtouch.in/hospital/js/google-maps-data.js]
[radixtouch.in/hospital/js/gmaps/gmaps.min.js]
[radixtouch.in/hospital/js/jqvmap/jquery.vmap.js]
[radixtouch.in/hospital/js/echarts/echarts.js]
[radixtouch.in/hospital/js/jqvmap/maps/jquery.vmap.world.js]
[radixtouch.in/hospital/js/jqvmap/maps/jquery.vmap.russia.js]
[radixtouch.in/hospital/js/datatables/jquery.dataTables.min.css]
[radixtouch.in/hospital/js/jqvmap/maps/jquery.vmap.usa.js]
[radixtouch.in/hospital/js/jqvmap/maps/jquery.vmap.germany.js]
[radixtouch.in/hospital/js/datatables/datatables.min.js]
[radixtouch.in/hospital/js/dropzone/dropzone.css]
[radixtouch.in/hospital/js/jqvmap/maps/jquery.vmap.europe.js]
[radixtouch.in/hospital/js/morris/morris.css]
[radixtouch.in/hospital/js/jqvmap/vector-data.js]
[radixtouch.in/hospital/js/jqvmap/data/jquery.vmap.sampledata.js]
[radixtouch.in/hospital/css/typography.css]
[radixtouch.in/hospital/js/simple-line-icons/fonts/Simple-Line-Iconsb26c.woff]
[radixtouch.in/hospital/js/owl-carousel/owl.carousel.css]
[radixtouch.in/hospital/js/simple-line-icons/fonts/Simple-Line-Iconsb26c.eot]
[radixtouch.in/hospital/fonts/fontawesome-webfont3e6e.woff]
[radixtouch.in/hospital/js/owl-carousel/owl.theme.css]
[radixtouch.in/hospital/js/simple-line-icons/fonts/Simple-Line-Iconsb26c.ttf]
[radixtouch.in/hospital/js/bootstrap-datetimepicker/css/bootstrap-datetimepicker.min.css]
[radixtouch.in/hospital/js/bootstrap/fonts/glyphicons-halflings-regular.eot]
[radixtouch.in/hospital/js/bootstrap-colorpicker/img/bootstrap-colorpicker/saturation.png]
[radixtouch.in/hospital/js/bootstrap-colorpicker/img/bootstrap-colorpicker/hue.png]
[radixtouch.in/hospital/js/bootstrap-colorpicker/img/bootstrap-colorpicker/alpha.png]
[radixtouch.in/hospital/js/bootstrap-colorpicker/img/bootstrap-colorpicker/hue-horizontal.png]
[radixtouch.in/hospital/js/bootstrap-colorpicker/css/bootstrap-colorpicker.css]
[radixtouch.in/hospital/js/bootstrap-colorpicker/img/bootstrap-colorpicker/alpha-horizontal.png]
[radixtouch.in/hospital/fonts/fontawesome-webfont3e6e.eot]
[radixtouch.in/hospital/js/jquery-tags-input/jquery-tags-input.css]
[radixtouch.in/hospital/fonts/fontawesome-webfontd41d.eot]
[radixtouch.in/hospital/js/select2/css/select2.css]
[radixtouch.in/hospital/js/bootstrap/fonts/glyphicons-halflings-regular.woff]
[radixtouch.in/hospital/js/select2/css/select2-bootstrap.min.css]
[radixtouch.in/hospital/js/bootstrap/fonts/glyphicons-halflings-regulard41d.eot]
[radixtouch.in/hospital/js/bootstrap-editable/bootstrap-editable/img/loading.gif]
[radixtouch.in/hospital/img/accordion-plusminus.png]
[radixtouch.in/hospital/fonts/fontawesome-webfont3e6e.ttf]
[radixtouch.in/hospital/js/bootstrap-editable/bootstrap-editable/img/clear.png]
[radixtouch.in/hospital/js/bootstrap-editable/bootstrap-editable/css/bootstrap-editable.css]
[radixtouch.in/hospital/js/bootstrap-editable/inputs-ext/address/address.css]
[radixtouch.in/hospital/js/datatables/images/sort_both.png]
[radixtouch.in/hospital/js/bootstrap/fonts/glyphicons-halflings-regular.ttf]
[radixtouch.in/hospital/js/datatables/images/sort_desc.png]
[radixtouch.in/hospital/js/datatables/images/sort_asc.png]
[radixtouch.in/hospital/js/summernote/font/summernoted24f.eot]
[radixtouch.in/hospital/img/remove-icon-small.png]
[radixtouch.in/hospital/js/datatables/images/sort_asc_disabled.png]
[radixtouch.in/hospital/js/datatables/images/sort_desc_disabled.png]
[radixtouch.in/hospital/js/summernote/font/summernoted41d.eot]
[radixtouch.in/hospital/js/jquery-file-upload/img/progressbar.gif]
[radixtouch.in/hospital/js/bootstrap-colorpicker/img/bootstrap-colorpicker/saturation.png]
[radixtouch.in/hospital/js/bootstrap-colorpicker/img/bootstrap-colorpicker/hue.png]
[radixtouch.in/hospital/js/bootstrap-colorpicker/img/bootstrap-colorpicker/alpha.png]
[radixtouch.in/hospital/js/bootstrap-colorpicker/img/bootstrap-colorpicker/hue-horizontal.png]
[radixtouch.in/hospital/js/bootstrap-colorpicker/img/bootstrap-colorpicker/alpha-horizontal.png]
[radixtouch.in/hospital/js/summernote/font/summernoted24f.woff]
[radixtouch.in/hospital/js/bootstrap-editable/bootstrap-editable/img/loading.gif]
[radixtouch.in/hospital/js/bootstrap-editable/bootstrap-editable/img/clear.png]
[radixtouch.in/hospital/js/summernote/summernote.css]
[radixtouch.in/hospital/js/jqvmap/jqvmap.css]
[radixtouch.in/hospital/js/simple-line-icons/fonts/Simple-Line-Iconsb26c.html]
[radixtouch.in/hospital/js/simple-line-icons/fonts/Simple-Line-Iconsb26c.svg]
[radixtouch.in/hospital/fonts/fontawesome-webfont3e6e.html]
[radixtouch.in/hospital/fonts/fontawesome-webfont3e6e.svg]
[radixtouch.in/hospital/js/bootstrap/fonts/glyphicons-halflings-regular.html]
[radixtouch.in/hospital/js/bootstrap/fonts/glyphicons-halflings-regular.svg]
[radixtouch.in/hospital/js/summernote/font/summernoted24f.ttf]
[radixtouch.in/hospital/img/datatable-row-openclose.html]
[radixtouch.in/hospital/css/images/arrow-down.html]
[radixtouch.in/hospital/js/jquery-file-upload/img/error.html]
[radixtouch.in/hospital/js/jquery-file-upload/img/play-pause.html]
[radixtouch.in/hospital/js/jquery-file-upload/img/error-2.html]
[radixtouch.in/hospital/js/jquery-file-upload/img/play-pause-2.html]
[radixtouch.in/hospital/js/jquery-file-upload/img/video-play.html]
[radixtouch.in/hospital/js/jquery-file-upload/img/video-play-2.html]
[radixtouch.in/hospital/js/images/sort_both.html]
[radixtouch.in/hospital/js/images/sort_asc.html]
[radixtouch.in/hospital/js/images/sort_desc.html]
[radixtouch.in/hospital/js/images/sort_asc_disabled.html]
[radixtouch.in/hospital/js/images/sort_desc_disabled.html]
[radixtouch.in/hospital/js/owl-carousel/grabbing.html]
[radixtouch.in/hospital/js/owl-carousel/AjaxLoader.html]
